// Jest Snapshot v1, https://goo.gl/fbAQLP

exports[`<Orderbook /> renders correctly 1`] = `
<div
  className="Sample"
>
  <thead>
    <th>
      Price (USDT)
    </th>
    <th>
      Amount (BTC)
    </th>
    <th>
      Total
    </th>
  </thead>
  <tbody
    className="bids"
  />
  <tr
    className="avg"
  >
    <td
      colspan={3}
    >
      0.00
    </td>
  </tr>
  <tbody
    className="asks"
  />
</div>
`;
